// Jest Snapshot v1, https://goo.gl/fbAQLP

exports[`shoud render AddExpensePage correctly 1`] = `
<div>
  <h1>
    Add Expense
  </h1>
  <ExpenseForm
    isOutsideRange={false}
    numberOfMonths={1}
    onSubmit={[Function]}
  />
</div>
`;
