// Jest Snapshot v1, https://goo.gl/fbAQLP

exports[`should render ExpenseListItem with expense object 1`] = `
<div>
  <Link
    replace={false}
    to="/edit/2"
  >
    rent
  </Link>
  <p>
    1095
     - 
    -345600000
  </p>
</div>
`;
